
Run #1: seed = -585588729 
Found: 23 iterations 1111
Average #iterations = 23